2025-03-20 02:46:16,410 INFO o.a.j.u.JMeterUtils: Setting Locale to en_US
2025-03-20 02:46:16,421 INFO o.a.j.JMeter: Loading user properties from: user.properties
2025-03-20 02:46:16,422 INFO o.a.j.JMeter: Loading system properties from: system.properties
2025-03-20 02:46:16,422 INFO o.a.j.JMeter: Loading additional properties from: D:\D\Private\fiver\futureclub9\NewDelivery\Jmeter5_Final_2k\bin\user.properties
2025-03-20 02:46:16,428 INFO o.a.j.JMeter: Copyright (c) 1998-2023 The Apache Software Foundation
2025-03-20 02:46:16,428 INFO o.a.j.JMeter: Version 5.6.2
2025-03-20 02:46:16,428 INFO o.a.j.JMeter: java.version=1.8.0_431
2025-03-20 02:46:16,428 INFO o.a.j.JMeter: java.vm.name=Java HotSpot(TM) 64-Bit Server VM
2025-03-20 02:46:16,441 INFO o.a.j.JMeter: os.name=Windows 10
2025-03-20 02:46:16,441 INFO o.a.j.JMeter: os.arch=amd64
2025-03-20 02:46:16,441 INFO o.a.j.JMeter: os.version=10.0
2025-03-20 02:46:16,441 INFO o.a.j.JMeter: file.encoding=Cp1252
2025-03-20 02:46:16,441 INFO o.a.j.JMeter: java.awt.headless=true
2025-03-20 02:46:16,441 INFO o.a.j.JMeter: Max memory     =3749183488
2025-03-20 02:46:16,441 INFO o.a.j.JMeter: Available Processors =8
2025-03-20 02:46:16,445 INFO o.a.j.JMeter: Default Locale=English (United States)
2025-03-20 02:46:16,445 INFO o.a.j.JMeter: JMeter  Locale=English (United States)
2025-03-20 02:46:16,445 INFO o.a.j.JMeter: JMeterHome=D:\D\Private\fiver\futureclub9\NewDelivery\Jmeter5_Final_2k
2025-03-20 02:46:16,445 INFO o.a.j.JMeter: user.dir  =D:\D\Private\fiver\futureclub9\NewDelivery\Jmeter5_Final_2k\bin
2025-03-20 02:46:16,446 INFO o.a.j.JMeter: PWD       =D:\D\Private\fiver\futureclub9\NewDelivery\Jmeter5_Final_2k\bin
2025-03-20 02:46:16,447 INFO o.a.j.JMeter: IP: 192.168.1.10 Name: Qcentris-327 FullName: Qcentris-327.Qcentriseg.com
2025-03-20 02:46:16,461 INFO o.a.j.JMeter: Setting property 'jmeter.reportgenerator.outputdir' to:'D:\D\Private\fiver\futureclub9\NewDelivery\results\20250319_235742\web1'
2025-03-20 02:46:16,463 INFO o.a.j.r.d.ReportGenerator: ReportGenerator will use for Parsing the separator: ','
2025-03-20 02:46:16,463 INFO o.a.j.r.d.ReportGenerator: Will only generate report from results file: D:\D\Private\fiver\futureclub9\NewDelivery\results\20250319_235742\outputall.jtl
2025-03-20 02:46:16,463 INFO o.a.j.r.d.ReportGenerator: Reading report generator properties from: D:\D\Private\fiver\futureclub9\NewDelivery\Jmeter5_Final_2k\bin\reportgenerator.properties
2025-03-20 02:46:16,466 INFO o.a.j.r.d.ReportGenerator: Merging with JMeter properties
2025-03-20 02:46:16,470 INFO o.a.j.r.c.ReportGeneratorConfiguration: Property 'jmeter.reportgenerator.temp_dir' not found, using default value 'temp' instead.
2025-03-20 02:46:16,473 INFO o.a.j.r.c.ReportGeneratorConfiguration: Property 'jmeter.reportgenerator.apdex_per_transaction' not found, using default value 'null' instead.
2025-03-20 02:46:16,481 INFO o.a.j.r.c.ReportGeneratorConfiguration: apdex_per_transaction is empty, not APDEX per transaction customization
2025-03-20 02:46:16,482 INFO o.a.j.r.c.ReportGeneratorConfiguration: Property 'jmeter.reportgenerator.sample_filter' not found, using default value 'null' instead.
2025-03-20 02:46:16,482 INFO o.a.j.r.c.ReportGeneratorConfiguration: Property 'jmeter.reportgenerator.report_title' not found, using default value 'null' instead.
2025-03-20 02:46:16,482 INFO o.a.j.r.c.ReportGeneratorConfiguration: Property 'jmeter.reportgenerator.start_date' not found, using default value 'null' instead.
2025-03-20 02:46:16,482 INFO o.a.j.r.c.ReportGeneratorConfiguration: Property 'jmeter.reportgenerator.end_date' not found, using default value 'null' instead.
2025-03-20 02:46:16,482 INFO o.a.j.r.c.ReportGeneratorConfiguration: Property 'jmeter.reportgenerator.date_format' not found, using default value 'null' instead.
2025-03-20 02:46:16,485 INFO o.a.j.r.c.ReportGeneratorConfiguration: Will use date range start date: null, end date: null
2025-03-20 02:46:16,490 INFO o.a.j.r.c.ReportGeneratorConfiguration: Property 'jmeter.reportgenerator.graph.totalTPS.exclude_controllers' not found, using default value 'false' instead.
2025-03-20 02:46:16,491 INFO o.a.j.r.c.ReportGeneratorConfiguration: Property 'jmeter.reportgenerator.graph.activeThreadsOverTime.exclude_controllers' not found, using default value 'false' instead.
2025-03-20 02:46:16,491 INFO o.a.j.r.c.ReportGeneratorConfiguration: Property 'jmeter.reportgenerator.graph.timeVsThreads.exclude_controllers' not found, using default value 'false' instead.
2025-03-20 02:46:16,491 INFO o.a.j.r.c.ReportGeneratorConfiguration: Property 'jmeter.reportgenerator.graph.responseTimeDistribution.exclude_controllers' not found, using default value 'false' instead.
2025-03-20 02:46:16,491 INFO o.a.j.r.c.ReportGeneratorConfiguration: Property 'jmeter.reportgenerator.graph.transactionsPerSecond.exclude_controllers' not found, using default value 'false' instead.
2025-03-20 02:46:16,491 INFO o.a.j.r.c.ReportGeneratorConfiguration: Property 'jmeter.reportgenerator.graph.responseTimePercentiles.exclude_controllers' not found, using default value 'false' instead.
2025-03-20 02:46:16,491 INFO o.a.j.r.c.ReportGeneratorConfiguration: Property 'jmeter.reportgenerator.graph.responseTimePercentilesOverTime.exclude_controllers' not found, using default value 'false' instead.
2025-03-20 02:46:16,491 INFO o.a.j.r.c.ReportGeneratorConfiguration: Property 'jmeter.reportgenerator.graph.responseTimesOverTime.exclude_controllers' not found, using default value 'false' instead.
2025-03-20 02:46:16,492 INFO o.a.j.r.c.ReportGeneratorConfiguration: Property 'jmeter.reportgenerator.graph.connectTimeOverTime.exclude_controllers' not found, using default value 'false' instead.
2025-03-20 02:46:16,492 INFO o.a.j.r.c.ReportGeneratorConfiguration: Property 'jmeter.reportgenerator.graph.latenciesOverTime.exclude_controllers' not found, using default value 'false' instead.
2025-03-20 02:46:16,493 INFO o.a.j.r.c.ReportGeneratorConfiguration: Property 'jmeter.reportgenerator.exporter.json.filters_only_sample_series' not found, using default value 'true' instead.
2025-03-20 02:46:16,493 INFO o.a.j.r.c.ReportGeneratorConfiguration: Property 'jmeter.reportgenerator.exporter.json.series_filter' not found, using default value '' instead.
2025-03-20 02:46:16,493 INFO o.a.j.r.c.ReportGeneratorConfiguration: Property 'jmeter.reportgenerator.exporter.json.show_controllers_only' not found, using default value 'false' instead.
2025-03-20 02:46:16,493 INFO o.a.j.r.c.ReportGeneratorConfiguration: Property 'jmeter.reportgenerator.exporter.html.filters_only_sample_series' not found, using default value 'true' instead.
2025-03-20 02:46:16,493 INFO o.a.j.r.c.ReportGeneratorConfiguration: Property 'jmeter.reportgenerator.exporter.html.series_filter' not found, using default value '' instead.
2025-03-20 02:46:16,493 INFO o.a.j.r.c.ReportGeneratorConfiguration: Property 'jmeter.reportgenerator.exporter.html.show_controllers_only' not found, using default value 'false' instead.
2025-03-20 02:46:16,578 INFO o.a.j.s.SaveService: Testplan (JMX) version: 2.2. Testlog (JTL) version: 2.2
2025-03-20 02:46:16,597 INFO o.a.j.s.SaveService: Using SaveService properties file encoding UTF-8
2025-03-20 02:46:16,601 INFO o.a.j.s.SaveService: Using SaveService properties version 5.0
2025-03-20 02:46:16,626 INFO o.a.j.r.p.NormalizerSampleConsumer: Using format, 'ms', to parse timeStamp field
2025-03-20 02:46:39,923 INFO o.a.j.r.p.AbstractSampleConsumer: class org.apache.jmeter.report.processor.AggregateConsumer#stopProducing(): beginDate produced 0 samples
2025-03-20 02:46:39,923 INFO o.a.j.r.p.AbstractSampleConsumer: class org.apache.jmeter.report.processor.AggregateConsumer#stopProducing(): endDate produced 0 samples
2025-03-20 02:46:39,925 INFO o.a.j.r.p.AbstractSampleConsumer: class org.apache.jmeter.report.processor.ApdexSummaryConsumer#stopProducing(): apdexSummary produced 0 samples
2025-03-20 02:46:39,925 INFO o.a.j.r.p.AbstractSampleConsumer: class org.apache.jmeter.report.processor.RequestsSummaryConsumer#stopProducing(): requestsSummary produced 0 samples
2025-03-20 02:46:39,961 INFO o.a.j.r.p.AbstractSampleConsumer: class org.apache.jmeter.report.processor.StatisticsSummaryConsumer#stopProducing(): statisticsSummary produced 0 samples
2025-03-20 02:46:39,966 INFO o.a.j.r.p.AbstractSampleConsumer: class org.apache.jmeter.report.processor.Top5ErrorsBySamplerConsumer#stopProducing(): top5ErrorsBySampler produced 0 samples
2025-03-20 02:46:39,966 INFO o.a.j.r.p.AbstractSampleConsumer: class org.apache.jmeter.report.processor.ErrorsSummaryConsumer#stopProducing(): errorsSummary produced 0 samples
2025-03-20 02:46:39,966 INFO o.a.j.r.p.AbstractSampleConsumer: class org.apache.jmeter.report.processor.graph.impl.HitsPerSecondGraphConsumer#stopProducing(): hitsPerSecond produced 0 samples
2025-03-20 02:46:43,327 INFO o.a.j.r.p.AbstractSampleConsumer: class org.apache.jmeter.report.processor.graph.impl.LatencyVSRequestGraphConsumer#stopProducing(): latencyVsRequest produced 0 samples
2025-03-20 02:46:43,353 INFO o.a.j.r.p.AbstractSampleConsumer: class org.apache.jmeter.report.processor.graph.impl.SyntheticResponseTimeDistributionGraphConsumer#stopProducing(): syntheticResponseTimeDistribution produced 0 samples
2025-03-20 02:46:43,353 INFO o.a.j.r.p.AbstractSampleConsumer: class org.apache.jmeter.report.processor.graph.impl.BytesThroughputGraphConsumer#stopProducing(): bytesThroughputOverTime produced 0 samples
2025-03-20 02:46:43,354 INFO o.a.j.r.p.AbstractSampleConsumer: class org.apache.jmeter.report.processor.graph.impl.CodesPerSecondGraphConsumer#stopProducing(): codesPerSecond produced 0 samples
2025-03-20 02:46:46,740 INFO o.a.j.r.p.AbstractSampleConsumer: class org.apache.jmeter.report.processor.graph.impl.ResponseTimeVSRequestGraphConsumer#stopProducing(): responseTimeVsRequest produced 0 samples
2025-03-20 02:46:46,770 INFO o.a.j.r.p.AbstractSampleConsumer: class org.apache.jmeter.report.processor.FilterConsumer#stopProducing(): startIntervalControlerFilter produced 13768741 samples
2025-03-20 02:46:46,770 INFO o.a.j.r.p.AbstractSampleConsumer: class org.apache.jmeter.report.processor.graph.impl.TotalTPSGraphConsumer#stopProducing(): totalTPS produced 0 samples
2025-03-20 02:46:46,770 INFO o.a.j.r.p.AbstractSampleConsumer: class org.apache.jmeter.report.processor.graph.impl.ActiveThreadsGraphConsumer#stopProducing(): activeThreadsOverTime produced 0 samples
2025-03-20 02:46:46,770 INFO o.a.j.r.p.AbstractSampleConsumer: class org.apache.jmeter.report.processor.graph.impl.TimeVSThreadGraphConsumer#stopProducing(): timeVsThreads produced 0 samples
2025-03-20 02:46:46,774 INFO o.a.j.r.p.AbstractSampleConsumer: class org.apache.jmeter.report.processor.graph.impl.ResponseTimeDistributionGraphConsumer#stopProducing(): responseTimeDistribution produced 0 samples
2025-03-20 02:46:46,775 INFO o.a.j.r.p.AbstractSampleConsumer: class org.apache.jmeter.report.processor.graph.impl.TransactionsPerSecondGraphConsumer#stopProducing(): transactionsPerSecond produced 0 samples
2025-03-20 02:46:46,775 INFO o.a.j.r.p.AbstractSampleConsumer: class org.apache.jmeter.report.processor.graph.impl.ResponseTimePercentilesGraphConsumer#stopProducing(): responseTimePercentiles produced 0 samples
2025-03-20 02:46:46,813 INFO o.a.j.r.p.AbstractSampleConsumer: class org.apache.jmeter.report.processor.graph.impl.ResponseTimePercentilesOverTimeGraphConsumer#stopProducing(): responseTimePercentilesOverTime produced 0 samples
2025-03-20 02:46:46,827 INFO o.a.j.r.p.AbstractSampleConsumer: class org.apache.jmeter.report.processor.graph.impl.ResponseTimeOverTimeGraphConsumer#stopProducing(): responseTimesOverTime produced 0 samples
2025-03-20 02:46:46,827 INFO o.a.j.r.p.AbstractSampleConsumer: class org.apache.jmeter.report.processor.graph.impl.ConnectTimeOverTimeGraphConsumer#stopProducing(): connectTimeOverTime produced 0 samples
2025-03-20 02:46:46,827 INFO o.a.j.r.p.AbstractSampleConsumer: class org.apache.jmeter.report.processor.graph.impl.LatencyOverTimeGraphConsumer#stopProducing(): latenciesOverTime produced 0 samples
2025-03-20 02:46:46,827 INFO o.a.j.r.p.AbstractSampleConsumer: class org.apache.jmeter.report.processor.FilterConsumer#stopProducing(): nameFilter produced 29504445 samples
2025-03-20 02:46:46,827 INFO o.a.j.r.p.AbstractSampleConsumer: class org.apache.jmeter.report.processor.FilterConsumer#stopProducing(): dateRangeFilter produced 5900889 samples
2025-03-20 02:46:46,827 INFO o.a.j.r.p.AbstractSampleConsumer: class org.apache.jmeter.report.processor.NormalizerSampleConsumer#stopProducing(): normalizer produced 1966963 samples
2025-03-20 02:46:46,828 INFO o.a.j.r.p.CsvFileSampleSource: produce(): 1966963 samples produced in 30s 178 ms on channel 0
2025-03-20 02:46:46,828 INFO o.a.j.r.d.ReportGenerator: Exporting data using exporter:'json' of className:'org.apache.jmeter.report.dashboard.JsonExporter'
2025-03-20 02:46:46,943 INFO o.a.j.r.d.JsonExporter: Found data for consumer statisticsSummary in context
2025-03-20 02:46:46,944 INFO o.a.j.r.d.JsonExporter: Creating statistics for overall
2025-03-20 02:46:46,944 INFO o.a.j.r.d.JsonExporter: Creating statistics for other transactions
2025-03-20 02:46:46,945 INFO o.a.j.r.d.JsonExporter: Checking output folder
2025-03-20 02:46:46,945 INFO o.a.j.r.d.JsonExporter: Writing statistics JSON to D:\D\Private\fiver\futureclub9\NewDelivery\results\20250319_235742\web1\statistics.json
2025-03-20 02:46:46,988 INFO o.a.j.r.d.ReportGenerator: Exporting data using exporter:'html' of className:'org.apache.jmeter.report.dashboard.HtmlTemplateExporter'
2025-03-20 02:46:46,990 INFO o.a.j.r.d.HtmlTemplateExporter: Will generate dashboard in folder: D:\D\Private\fiver\futureclub9\NewDelivery\results\20250319_235742\web1
2025-03-20 02:46:47,118 INFO o.a.j.r.d.HtmlTemplateExporter: Report will be generated in: D:\D\Private\fiver\futureclub9\NewDelivery\results\20250319_235742\web1, creating folder structure
2025-03-20 02:46:47,121 INFO o.a.j.r.d.TemplateVisitor: Copying folder from 'D:\D\Private\fiver\futureclub9\NewDelivery\Jmeter5_Final_2k\bin\report-template' to 'D:\D\Private\fiver\futureclub9\NewDelivery\results\20250319_235742\web1', got message: D:\D\Private\fiver\futureclub9\NewDelivery\results\20250319_235742\web1, found non empty folder with following content [D:\D\Private\fiver\futureclub9\NewDelivery\results\20250319_235742\web1\statistics.json], will be ignored
